2026-09-03 20:37:29,802 INFO o.a.j.u.JMeterUtils: Setting Locale to en_EN
2026-09-03 20:37:29,821 INFO o.a.j.JMeter: Loading user properties from: D:\tools\apache-jmeter-5.6.3\bin\user.properties
2026-09-03 20:37:29,822 INFO o.a.j.JMeter: Loading system properties from: D:\tools\apache-jmeter-5.6.3\bin\system.properties
2026-09-03 20:37:29,822 INFO o.a.j.JMeter: Setting JMeter property: hw5.data.file=D:\code\Project\TestingProject\Lab\HW5\23127173_HW05_AI_Performance_095\performance\data\hw5-users.local.csv
2026-09-03 20:37:29,831 INFO o.a.j.JMeter: Copyright (c) 1998-2024 The Apache Software Foundation
2026-09-03 20:37:29,832 INFO o.a.j.JMeter: Version 5.6.3
2026-09-03 20:37:29,832 INFO o.a.j.JMeter: java.version=26.0.1
2026-09-03 20:37:29,832 INFO o.a.j.JMeter: java.vm.name=Java HotSpot(TM) 64-Bit Server VM
2026-09-03 20:37:29,832 INFO o.a.j.JMeter: os.name=Windows 11
2026-09-03 20:37:29,832 INFO o.a.j.JMeter: os.arch=amd64
2026-09-03 20:37:29,832 INFO o.a.j.JMeter: os.version=10.0
2026-09-03 20:37:29,833 INFO o.a.j.JMeter: file.encoding=UTF-8
2026-09-03 20:37:29,833 INFO o.a.j.JMeter: java.awt.headless=null
2026-09-03 20:37:29,833 INFO o.a.j.JMeter: Max memory     =1073741824
2026-09-03 20:37:29,833 INFO o.a.j.JMeter: Available Processors =16
2026-09-03 20:37:29,849 INFO o.a.j.JMeter: Default Locale=English (EN)
2026-09-03 20:37:29,849 INFO o.a.j.JMeter: JMeter  Locale=English (EN)
2026-09-03 20:37:29,849 INFO o.a.j.JMeter: JMeterHome=D:\tools\apache-jmeter-5.6.3
2026-09-03 20:37:29,849 INFO o.a.j.JMeter: user.dir  =D:\code\Project\TestingProject\Lab
2026-09-03 20:37:29,849 INFO o.a.j.JMeter: PWD       =D:\code\Project\TestingProject\Lab
2026-09-03 20:37:29,859 INFO o.a.j.JMeter: IP: 192.168.120.6 Name: LAPTOP-VS1QDJ8A FullName: LAPTOP-VS1QDJ8A.lan
2026-09-03 20:37:29,868 INFO o.a.j.JMeter: Loaded icon properties from org/apache/jmeter/images/icon.properties
2026-09-03 20:37:30,022 INFO o.a.j.JMeterGuiLauncher: Setting LAF to: com.github.weisj.darklaf.DarkLaf:com.github.weisj.darklaf.theme.HighContrastDarkTheme
2026-09-03 20:37:31,670 INFO o.a.j.JMeterGuiLauncher: Loading file: HW5\23127173_HW05_AI_Performance_095\performance\test-plans\23127173_Endurance_20260831.jmx
2026-09-03 20:37:31,672 INFO o.a.j.s.FileServer: Default base='D:\code\Project\TestingProject\Lab'
2026-09-03 20:37:31,673 INFO o.a.j.s.FileServer: Set new base='D:\code\Project\TestingProject\Lab\HW5\23127173_HW05_AI_Performance_095\performance\test-plans'
2026-09-03 20:37:31,974 INFO o.a.j.s.SaveService: Testplan (JMX) version: 2.2. Testlog (JTL) version: 2.2
2026-09-03 20:37:31,993 INFO o.a.j.s.SaveService: Using SaveService properties version 5.0
2026-09-03 20:37:31,996 INFO o.a.j.s.SaveService: Using SaveService properties file encoding UTF-8
2026-09-03 20:37:31,999 INFO o.a.j.s.SaveService: Loading file: HW5\23127173_HW05_AI_Performance_095\performance\test-plans\23127173_Endurance_20260831.jmx
2026-09-03 20:37:32,040 INFO o.a.j.p.h.s.HTTPSamplerBase: Parser for text/html is org.apache.jmeter.protocol.http.parser.LagartoBasedHtmlParser
2026-09-03 20:37:32,040 INFO o.a.j.p.h.s.HTTPSamplerBase: Parser for application/xhtml+xml is org.apache.jmeter.protocol.http.parser.LagartoBasedHtmlParser
2026-09-03 20:37:32,041 INFO o.a.j.p.h.s.HTTPSamplerBase: Parser for application/xml is org.apache.jmeter.protocol.http.parser.LagartoBasedHtmlParser
2026-09-03 20:37:32,041 INFO o.a.j.p.h.s.HTTPSamplerBase: Parser for text/xml is org.apache.jmeter.protocol.http.parser.LagartoBasedHtmlParser
2026-09-03 20:37:32,041 INFO o.a.j.p.h.s.HTTPSamplerBase: Parser for text/vnd.wap.wml is org.apache.jmeter.protocol.http.parser.RegexpHTMLParser
2026-09-03 20:37:32,041 INFO o.a.j.p.h.s.HTTPSamplerBase: Parser for text/css is org.apache.jmeter.protocol.http.parser.CssParser
2026-09-03 20:37:32,115 INFO o.a.j.s.FileServer: Set new base='D:\code\Project\TestingProject\Lab\HW5\23127173_HW05_AI_Performance_095\performance\test-plans'
